SSH is a very powerfull tool, for example to pull/changes to remote git repositories w/o having to authorize each time.

1- Ensure you don't have SSH key generated: cat ~/.ssh/id_rsa.pub. If this prints something skip to step 4 or 5.
2- Ensure you have openssh installed: openssh.
3- ssh-keygen -t rsa -C "YOUR@EMAIL.com" will prompt for location and passphrase.
4- Now you need to enable SSH agent as a service. I found adding it as a systemd service is the most convinient.
5- mkdir -p ~/.config/systemd/user/
6- nano ~/.config/systemd/user/ssh-agent.service:

[Unit]
Description=SSH key agent

[Service]
Type=simple
Environment=SSH_AUTH_SOCK=%t/ssh-agent.socket
ExecStart=/usr/bin/ssh-agent -D -a $SSH_AUTH_SOCK

[Install]
WantedBy=default.target

7- Add the environment variable to the user:

$ nano ~/.config/environment.d/ssh_auth_socket.conf

...
SSH_AUTH_SOCK="${XDG_RUNTIME_DIR}/ssh-agent.socket"

8- Enable the ssh-agent.service:

$ systemctl --user enable --now ssh-agent

9- And, if you are using ssh version higher than 7.2:

echo 'AddKeysToAgent  yes' >> ~/.ssh/config

This will instruct the ssh client to always add the key to a running agent, so there's no need to ssh-add it beforehand.
Note that when you create the ~/.ssh/config file you may need to run:

chmod 600 ~/.ssh/config

or

chown $USER ~/.ssh/config

Otherwise, you might receive the Bad owner or permissions on ~/.ssh/config error.

###############################################################################################################################

For write access to the AUR, you need to have an SSH key pair.
The content of the public key needs to be copied to your profile in My Account,
and the corresponding private key configured for the aur.archlinux.org host.
For example:

file ~/.ssh/config

-----------------------------
Host aur.archlinux.org
  IdentityFile ~/.ssh/aur
  User aur
-----------------------------

You should create a new key pair rather than use an existing one,
so that you can selectively revoke the keys should something happen:

$ ssh-keygen -f ~/.ssh/aur

git clone ssh://aur@aur.archlinux.org/pkgname.git

$ makepkg --printsrcinfo > .SRCINFO
$ git add PKGBUILD .SRCINFO
$ git commit -m "useful commit message"
$ git push
